Potential Transition Errors
Rgt: 6 or 7
Rgt: 15 or 16
Rgt: 23 or 24
Rgt: 31
Rgt: 34 or 35
Rgt: 35 or 36
Rgt: 54 or 55
Rgt: 59 or 60
Rgt: 67 or 68
Rgt: 84 or 85
Rgt: 92
Rgt: 128 or 129
Rgt: 154 or 155
Rgt: 168
Rgt: 189 or 190
Rgt: 250 or 251
Rgt: 276
Rgt: 276 or 277
Rgt: 311 or 312
Rgt: 313 or 314
Rgt: 316 or 317
Rgt: 326 or 327
Rgt: 374 or 375
Rgt: 377 or 378
Rgt: 379 or 380
Rgt: 387 or 388
Rgt: 398 or 399
Rgt: 416 or 417
Rgt: 435
Rgt: 435 or 436
Rgt: 440 or 441
Rgt: 448 or 449
Rgt: 465 or 466
Rgt: 476 or 477
Rgt: 477 or 478
Rgt: 496
Rgt: 496 or 497
Rgt: 501 or 502
Rgt: 509 or 510
Rgt: 526
Rgt: 534
Rgt: 557 or 558
Rgt: 562 or 563
Rgt: 570 or 571
Rgt: 585 or 586
Rgt: 610
Rgt: 631 or 632
Rgt: 692 or 693
Rgt: 753 or 754
Rgt: 758 or 759
Rgt: 768 or 769
Rgt: 797
Rgt: 814 or 815
Rgt: 816 or 817
Rgt: 819 or 820
Rgt: 829 or 830
Rgt: 840 or 841
Rgt: 857 or 858
Rgt: 858 or 859
Rgt: 877 or 878
Rgt: 890 or 891
Rgt: 907 or 908
Rgt: 915
Rgt: 919 or 920
Rgt: 938 or 939
Rgt: 943 or 944
Rgt: 951 or 952
Rgt: 968 or 969
Rgt: 976
Rgt: 991 or 992
Rgt: 999 or 1000
Rgt: 1004 or 1005
Rgt: 1012 or 1013
Rgt: 1027 or 1028
Rgt: 1029
Rgt: 1029 or 1030
Rgt: 1037
Rgt: 1052
Rgt: 1073 or 1074
Rgt: 1134 or 1135
Rgt: 1160 or 1161
Rgt: 1195 or 1196
Rgt: 1197 or 1198
Rgt: 1210 or 1211
Rgt: 1221 or 1222
Rgt: 1256 or 1257
Rgt: 1258 or 1259
Rgt: 1261 or 1262
Rgt: 1263 or 1264
Rgt: 1271 or 1272
Rgt: 1280 or 1281
Rgt: 1282 or 1283
Rgt: 1288
Rgt: 1319 or 1320
Rgt: 1322 or 1323
Rgt: 1324 or 1325
Rgt: 1332 or 1333
Rgt: 1343 or 1344
Rgt: 1349 or 1350
Rgt: 1361 or 1362
Rgt: 1380 or 1381
Rgt: 1385 or 1386
Num errors: 102

Potential Transition Errors
Rgt: 1
Rgt: 6 or 7
Rgt: 15 or 16
Rgt: 16
Rgt: 23 or 24
Rgt: 31
Rgt: 34 or 35
Rgt: 54 or 55
Rgt: 59 or 60
Rgt: 62
Rgt: 67 or 68
Rgt: 77
Rgt: 84 or 85
Rgt: 92
Rgt: 123
Rgt: 128 or 129
Rgt: 138
Rgt: 154 or 155
Rgt: 168
Rgt: 184
Rgt: 189 or 190
Rgt: 199
Rgt: 250 or 251
Rgt: 260
Rgt: 276
Rgt: 276 or 277
Rgt: 311 or 312
Rgt: 313 or 314
Rgt: 316 or 317
Rgt: 321
Rgt: 321
Rgt: 326 or 327
Rgt: 374 or 375
Rgt: 377 or 378
Rgt: 379 or 380
Rgt: 382
Rgt: 387 or 388
Rgt: 398 or 399
Rgt: 435
Rgt: 435 or 436
Rgt: 440 or 441
Rgt: 443
Rgt: 448 or 449
Rgt: 465 or 466
Rgt: 476 or 477
Rgt: 496
Rgt: 496 or 497
Rgt: 501 or 502
Rgt: 504
Rgt: 509 or 510
Rgt: 519
Rgt: 526
Rgt: 534
Rgt: 557 or 558
Rgt: 562 or 563
Rgt: 565
Rgt: 570 or 571
Rgt: 580
Rgt: 585 or 586
Rgt: 610
Rgt: 626
Rgt: 626
Rgt: 631 or 632
Rgt: 641
Rgt: 687
Rgt: 692 or 693
Rgt: 702
Rgt: 702
Rgt: 753 or 754
Rgt: 758 or 759
Rgt: 763
Rgt: 768 or 769
Rgt: 797
Rgt: 814 or 815
Rgt: 816 or 817
Rgt: 819 or 820
Rgt: 824
Rgt: 824
Rgt: 829 or 830
Rgt: 840 or 841
Rgt: 857 or 858
Rgt: 877 or 878
Rgt: 885
Rgt: 890 or 891
Rgt: 907 or 908
Rgt: 915
Rgt: 938 or 939
Rgt: 943 or 944
Rgt: 946
Rgt: 951 or 952
Rgt: 961
Rgt: 968 or 969
Rgt: 976
Rgt: 991 or 992
Rgt: 999 or 1000
Rgt: 1004 or 1005
Rgt: 1007
Rgt: 1012 or 1013
Rgt: 1022
Rgt: 1027 or 1028
Rgt: 1029
Rgt: 1029 or 1030
Rgt: 1037
Rgt: 1052
Rgt: 1068
Rgt: 1068
Rgt: 1073 or 1074
Rgt: 1083
Rgt: 1134 or 1135
Rgt: 1144
Rgt: 1160 or 1161
Rgt: 1195 or 1196
Rgt: 1197 or 1198
Rgt: 1205
Rgt: 1210 or 1211
Rgt: 1221 or 1222
Rgt: 1256 or 1257
Rgt: 1258 or 1259
Rgt: 1261 or 1262
Rgt: 1263 or 1264
Rgt: 1266
Rgt: 1266
Rgt: 1271 or 1272
Rgt: 1280 or 1281
Rgt: 1282 or 1283
Rgt: 1288
Rgt: 1319 or 1320
Rgt: 1322 or 1323
Rgt: 1324 or 1325
Rgt: 1327
Rgt: 1332 or 1333
Rgt: 1343 or 1344
Rgt: 1349 or 1350
Rgt: 1380 or 1381
Rgt: 1385 or 1386
Num errors: 135